// Jest Snapshot v1, https://goo.gl/fbAQLP

exports[`SearchButton component matches snapshot 1`] = `
<DocumentFragment>
  <button
    class="searchButton"
    type="submit"
  >
    <span
      class="text"
    >
      Search
    </span>
  </button>
</DocumentFragment>
`;
