// Jest Snapshot v1, https://goo.gl/fbAQLP

exports[`Title component matches snapshot 1`] = `
<DocumentFragment>
  <h1
    class="title"
  >
    Top Wikipedia articles
  </h1>
</DocumentFragment>
`;
